[
  {
    "id": "",
    "name": "",
    "comment": "",
    "value": null
  },
  {
    "id": "",
    "name": "",
    "comment": "",
    "value": null
  },
  {
    "id": "",
    "name": "",
    "comment": "",
    "value": null
  },
  {
    "id": "",
    "name": "",
    "comment": "",
    "value": null
  },
  {
    "id": "",
    "name": "",
    "comment": "",
    "value": null
  },
  {
    "id": "",
    "name": "",
    "comment": "",
    "value": null
  },
  {
    "id": "",
    "name": "",
    "comment": "",
    "value": null
  },
  {
    "id": "",
    "name": "",
    "comment": "",
    "value": null
  },
  {
    "id": "",
    "name": "",
    "comment": "",
    "value": null
  },
  {
    "id": "",
    "name": "",
    "comment": "",
    "value": null
  },
  {
    "id": "",
    "name": "",
    "comment": "",
    "value": null
  },
  {
    "id": "",
    "name": "",
    "comment": "",
    "value": null
  },
  {
    "id": "",
    "name": "",
    "comment": "",
    "value": null
  },
  {
    "id": "",
    "name": "",
    "comment": "",
    "value": null
  },
  {
    "id": "",
    "name": "",
    "comment": "",
    "value": null
  },
  {
    "id": "",
    "name": "",
    "comment": "",
    "value": null
  },
  {
    "id": "",
    "name": "",
    "comment": "",
    "value": null
  },
  {
    "id": "",
    "name": "",
    "comment": "",
    "value": null
  },
  {
    "id": "",
    "name": "",
    "comment": "",
    "value": null
  },
  {
    "id": "",
    "name": "",
    "comment": "",
    "value": null
  },
  {
    "id": "",
    "name": "",
    "comment": "",
    "value": null
  },
  {
    "id": "",
    "name": "",
    "comment": "",
    "value": null
  },
  {
    "id": "",
    "name": "",
    "comment": "",
    "value": null
  },
  {
    "id": "",
    "name": "",
    "comment": "",
    "value": null
  },
  {
    "id": "",
    "name": "",
    "comment": "",
    "value": null
  },
  {
    "id": "",
    "name": "",
    "comment": "",
    "value": null
  },
  {
    "id": "",
    "name": "",
    "comment": "",
    "value": null
  },
  {
    "id": "",
    "name": "",
    "comment": "",
    "value": null
  },
  {
    "id": "",
    "name": "",
    "comment": "",
    "value": null
  },
  {
    "id": "",
    "name": "",
    "comment": "",
    "value": null
  },
  {
    "id": "",
    "name": "",
    "comment": "",
    "value": null
  },
  {
    "id": "",
    "name": "",
    "comment": "",
    "value": null
  },
  {
    "id": "",
    "name": "",
    "comment": "",
    "value": null
  },
  {
    "id": "",
    "name": "",
    "comment": "",
    "value": null
  },
  {
    "id": "",
    "name": "",
    "comment": "",
    "value": null
  },
  {
    "id": "",
    "name": "",
    "comment": "",
    "value": null
  },
  {
    "id": "",
    "name": "",
    "comment": "",
    "value": null
  },
  {
    "id": "",
    "name": "",
    "comment": "",
    "value": null
  },
  {
    "id": "",
    "name": "",
    "comment": "",
    "value": null
  },
  {
    "id": "",
    "name": "",
    "comment": "",
    "value": null
  },
  {
    "id": "",
    "name": "",
    "comment": "",
    "value": null
  },
  {
    "id": "",
    "name": "",
    "comment": "",
    "value": null
  },
  {
    "id": "",
    "name": "",
    "comment": "",
    "value": null
  }
]